Analysis & Synthesis report for CU
Mon Nov 18 12:01:03 2019
Quartus II 64-Bit Version 13.0.0 Build 156 04/24/2013 SJ Web Edition


---------------------
; Table of Contents ;
---------------------
  1. Legal Notice
  2. Analysis & Synthesis Summary
  3. Analysis & Synthesis Settings
  4. Parallel Compilation
  5. Analysis & Synthesis Source Files Read
  6. Analysis & Synthesis Resource Usage Summary
  7. Analysis & Synthesis Resource Utilization by Entity
  8. State Machine - |CU|state
  9. User-Specified and Inferred Latches
 10. General Register Statistics
 11. Multiplexer Restructuring Statistics (Restructuring Performed)
 12. Elapsed Time Per Partition
 13. Analysis & Synthesis Messages



----------------
; Legal Notice ;
----------------
Copyright (C) 1991-2013 Altera Corporation
Your use of Altera Corporation's design tools, logic functions 
and other software and tools, and its AMPP partner logic 
functions, and any output files from any of the foregoing 
(including device programming or simulation files), and any 
associated documentation or information are expressly subject 
to the terms and conditions of the Altera Program License 
Subscription Agreement, Altera MegaCore Function License 
Agreement, or other applicable license agreement, including, 
without limitation, that your use is for the sole purpose of 
programming logic devices manufactured by Altera and sold by 
Altera or its authorized distributors.  Please refer to the 
applicable agreement for further details.



+---------------------------------------------------------------------------------+
; Analysis & Synthesis Summary                                                    ;
+------------------------------------+--------------------------------------------+
; Analysis & Synthesis Status        ; Successful - Mon Nov 18 12:01:03 2019      ;
; Quartus II 64-Bit Version          ; 13.0.0 Build 156 04/24/2013 SJ Web Edition ;
; Revision Name                      ; CU                                         ;
; Top-level Entity Name              ; CU                                         ;
; Family                             ; Cyclone II                                 ;
; Total logic elements               ; 87                                         ;
;     Total combinational functions  ; 86                                         ;
;     Dedicated logic registers      ; 20                                         ;
; Total registers                    ; 20                                         ;
; Total pins                         ; 64                                         ;
; Total virtual pins                 ; 0                                          ;
; Total memory bits                  ; 0                                          ;
; Embedded Multiplier 9-bit elements ; 0                                          ;
; Total PLLs                         ; 0                                          ;
+------------------------------------+--------------------------------------------+


+----------------------------------------------------------------------------------------------------------------------+
; Analysis & Synthesis Settings                                                                                        ;
+----------------------------------------------------------------------------+--------------------+--------------------+
; Option                                                                     ; Setting            ; Default Value      ;
+----------------------------------------------------------------------------+--------------------+--------------------+
; Device                                                                     ; EP2C35F672C6       ;                    ;
; Top-level entity name                                                      ; CU                 ; CU                 ;
; Family name                                                                ; Cyclone II         ; Cyclone IV GX      ;
; Use smart compilation                                                      ; Off                ; Off                ;
; Enable parallel Assembler and TimeQuest Timing Analyzer during compilation ; On                 ; On                 ;
; Enable compact report table                                                ; Off                ; Off                ;
; Restructure Multiplexers                                                   ; Auto               ; Auto               ;
; Create Debugging Nodes for IP Cores                                        ; Off                ; Off                ;
; Preserve fewer node names                                                  ; On                 ; On                 ;
; Disable OpenCore Plus hardware evaluation                                  ; Off                ; Off                ;
; Verilog Version                                                            ; Verilog_2001       ; Verilog_2001       ;
; VHDL Version                                                               ; VHDL_1993          ; VHDL_1993          ;
; State Machine Processing                                                   ; Auto               ; Auto               ;
; Safe State Machine                                                         ; Off                ; Off                ;
; Extract Verilog State Machines                                             ; On                 ; On                 ;
; Extract VHDL State Machines                                                ; On                 ; On                 ;
; Ignore Verilog initial constructs                                          ; Off                ; Off                ;
; Iteration limit for constant Verilog loops                                 ; 5000               ; 5000               ;
; Iteration limit for non-constant Verilog loops                             ; 250                ; 250                ;
; Add Pass-Through Logic to Inferred RAMs                                    ; On                 ; On                 ;
; Infer RAMs from Raw Logic                                                  ; On                 ; On                 ;
; Parallel Synthesis                                                         ; On                 ; On                 ;
; DSP Block Balancing                                                        ; Auto               ; Auto               ;
; NOT Gate Push-Back                                                         ; On                 ; On                 ;
; Power-Up Don't Care                                                        ; On                 ; On                 ;
; Remove Redundant Logic Cells                                               ; Off                ; Off                ;
; Remove Duplicate Registers                                                 ; On                 ; On                 ;
; Ignore CARRY Buffers                                                       ; Off                ; Off                ;
; Ignore CASCADE Buffers                                                     ; Off                ; Off                ;
; Ignore GLOBAL Buffers                                                      ; Off                ; Off                ;
; Ignore ROW GLOBAL Buffers                                                  ; Off                ; Off                ;
; Ignore LCELL Buffers                                                       ; Off                ; Off                ;
; Ignore SOFT Buffers                                                        ; On                 ; On                 ;
; Limit AHDL Integers to 32 Bits                                             ; Off                ; Off                ;
; Optimization Technique                                                     ; Balanced           ; Balanced           ;
; Carry Chain Length                                                         ; 70                 ; 70                 ;
; Auto Carry Chains                                                          ; On                 ; On                 ;
; Auto Open-Drain Pins                                                       ; On                 ; On                 ;
; Perform WYSIWYG Primitive Resynthesis                                      ; Off                ; Off                ;
; Auto ROM Replacement                                                       ; On                 ; On                 ;
; Auto RAM Replacement                                                       ; On                 ; On                 ;
; Auto Shift Register Replacement                                            ; Auto               ; Auto               ;
; Allow Shift Register Merging across Hierarchies                            ; Auto               ; Auto               ;
; Auto Clock Enable Replacement                                              ; On                 ; On                 ;
; Strict RAM Replacement                                                     ; Off                ; Off                ;
; Allow Synchronous Control Signals                                          ; On                 ; On                 ;
; Force Use of Synchronous Clear Signals                                     ; Off                ; Off                ;
; Auto RAM to Logic Cell Conversion                                          ; Off                ; Off                ;
; Auto Resource Sharing                                                      ; Off                ; Off                ;
; Allow Any RAM Size For Recognition                                         ; Off                ; Off                ;
; Allow Any ROM Size For Recognition                                         ; Off                ; Off                ;
; Allow Any Shift Register Size For Recognition                              ; Off                ; Off                ;
; Use LogicLock Constraints during Resource Balancing                        ; On                 ; On                 ;
; Ignore translate_off and synthesis_off directives                          ; Off                ; Off                ;
; Timing-Driven Synthesis                                                    ; Off                ; Off                ;
; Report Parameter Settings                                                  ; On                 ; On                 ;
; Report Source Assignments                                                  ; On                 ; On                 ;
; Report Connectivity Checks                                                 ; On                 ; On                 ;
; Ignore Maximum Fan-Out Assignments                                         ; Off                ; Off                ;
; Synchronization Register Chain Length                                      ; 2                  ; 2                  ;
; PowerPlay Power Optimization                                               ; Normal compilation ; Normal compilation ;
; HDL message level                                                          ; Level2             ; Level2             ;
; Suppress Register Optimization Related Messages                            ; Off                ; Off                ;
; Number of Removed Registers Reported in Synthesis Report                   ; 5000               ; 5000               ;
; Number of Swept Nodes Reported in Synthesis Report                         ; 5000               ; 5000               ;
; Number of Inverted Registers Reported in Synthesis Report                  ; 100                ; 100                ;
; Clock MUX Protection                                                       ; On                 ; On                 ;
; Auto Gated Clock Conversion                                                ; Off                ; Off                ;
; Block Design Naming                                                        ; Auto               ; Auto               ;
; SDC constraint protection                                                  ; Off                ; Off                ;
; Synthesis Effort                                                           ; Auto               ; Auto               ;
; Shift Register Replacement - Allow Asynchronous Clear Signal               ; On                 ; On                 ;
; Pre-Mapping Resynthesis Optimization                                       ; Off                ; Off                ;
; Analysis & Synthesis Message Level                                         ; Medium             ; Medium             ;
; Disable Register Merging Across Hierarchies                                ; Auto               ; Auto               ;
; Resource Aware Inference For Block RAM                                     ; On                 ; On                 ;
; Synthesis Seed                                                             ; 1                  ; 1                  ;
+----------------------------------------------------------------------------+--------------------+--------------------+


Parallel compilation was disabled, but you have multiple processors available. Enable parallel compilation to reduce compilation time.
+-------------------------------------+
; Parallel Compilation                ;
+----------------------------+--------+
; Processors                 ; Number ;
+----------------------------+--------+
; Number detected on machine ; 4      ;
; Maximum allowed            ; 1      ;
+----------------------------+--------+


+------------------------------------------------------------------------------------------------------------------------------------------------+
; Analysis & Synthesis Source Files Read                                                                                                         ;
+----------------------------------+-----------------+-----------------+---------------------------------------------------------------+---------+
; File Name with User-Entered Path ; Used in Netlist ; File Type       ; File Name with Absolute Path                                  ; Library ;
+----------------------------------+-----------------+-----------------+---------------------------------------------------------------+---------+
; CU.vhd                           ; yes             ; User VHDL File  ; C:/Users/Crowler/Documents/GitHub/sistemas-digitais/CU/CU.vhd ;         ;
+----------------------------------+-----------------+-----------------+---------------------------------------------------------------+---------+


+-----------------------------------------------------+
; Analysis & Synthesis Resource Usage Summary         ;
+---------------------------------------------+-------+
; Resource                                    ; Usage ;
+---------------------------------------------+-------+
; Estimated Total logic elements              ; 87    ;
;                                             ;       ;
; Total combinational functions               ; 86    ;
; Logic element usage by number of LUT inputs ;       ;
;     -- 4 input functions                    ; 35    ;
;     -- 3 input functions                    ; 43    ;
;     -- <=2 input functions                  ; 8     ;
;                                             ;       ;
; Logic elements by mode                      ;       ;
;     -- normal mode                          ; 86    ;
;     -- arithmetic mode                      ; 0     ;
;                                             ;       ;
; Total registers                             ; 20    ;
;     -- Dedicated logic registers            ; 20    ;
;     -- I/O registers                        ; 0     ;
;                                             ;       ;
; I/O pins                                    ; 64    ;
; Embedded Multiplier 9-bit elements          ; 0     ;
; Maximum fan-out node                        ; clk   ;
; Maximum fan-out                             ; 20    ;
; Total fan-out                               ; 374   ;
; Average fan-out                             ; 2.20  ;
+---------------------------------------------+-------+


+-----------------------------------------------------------------------------------------------------------------------------------------------------------------------------+
; Analysis & Synthesis Resource Utilization by Entity                                                                                                                         ;
+----------------------------+-------------------+--------------+-------------+--------------+---------+-----------+------+--------------+---------------------+--------------+
; Compilation Hierarchy Node ; LC Combinationals ; LC Registers ; Memory Bits ; DSP Elements ; DSP 9x9 ; DSP 18x18 ; Pins ; Virtual Pins ; Full Hierarchy Name ; Library Name ;
+----------------------------+-------------------+--------------+-------------+--------------+---------+-----------+------+--------------+---------------------+--------------+
; |CU                        ; 86 (86)           ; 20 (20)      ; 0           ; 0            ; 0       ; 0         ; 64   ; 0            ; |CU                 ;              ;
+----------------------------+-------------------+--------------+-------------+--------------+---------+-----------+------+--------------+---------------------+--------------+
Note: For table entries with two numbers listed, the numbers in parentheses indicate the number of resources of the given type used by the specific entity alone. The numbers listed outside of parentheses indicate the total resources of the given type used by the specific entity and all of its sub-entities in the hierarchy.


Encoding Type:  One-Hot
+----------------------------------------------------------------------------------------------------------------------------------------------------------------------------------------------------------------------------------------------------------------------------------------------------------------------------------------------------------+
; State Machine - |CU|state                                                                                                                                                                                                                                                                                                                                ;
+------------------+----------------+----------------+---------------+----------------+----------------+----------------+----------------+----------------+---------------+----------------+----------------+----------------+------------------+-----------------+---------------+--------------+--------------+--------------+-------------+-------------+
; Name             ; state.exe_jmph ; state.exe_jmpl ; state.exe_cmp ; state.exe_cjmp ; state.exe_goto ; state.exe_movi ; state.exe_ixor ; state.exe_inot ; state.exe_ior ; state.exe_iand ; state.exe_subi ; state.exe_addi ; state.exe_pinout ; state.exe_pinin ; state.exe_mov ; state.exe_st ; state.exe_ld ; state.decode ; state.fetch ; state.reset ;
+------------------+----------------+----------------+---------------+----------------+----------------+----------------+----------------+----------------+---------------+----------------+----------------+----------------+------------------+-----------------+---------------+--------------+--------------+--------------+-------------+-------------+
; state.reset      ; 0              ; 0              ; 0             ; 0              ; 0              ; 0              ; 0              ; 0              ; 0             ; 0              ; 0              ; 0              ; 0                ; 0               ; 0             ; 0            ; 0            ; 0            ; 0           ; 0           ;
; state.fetch      ; 0              ; 0              ; 0             ; 0              ; 0              ; 0              ; 0              ; 0              ; 0             ; 0              ; 0              ; 0              ; 0                ; 0               ; 0             ; 0            ; 0            ; 0            ; 1           ; 1           ;
; state.decode     ; 0              ; 0              ; 0             ; 0              ; 0              ; 0              ; 0              ; 0              ; 0             ; 0              ; 0              ; 0              ; 0                ; 0               ; 0             ; 0            ; 0            ; 1            ; 0           ; 1           ;
; state.exe_ld     ; 0              ; 0              ; 0             ; 0              ; 0              ; 0              ; 0              ; 0              ; 0             ; 0              ; 0              ; 0              ; 0                ; 0               ; 0             ; 0            ; 1            ; 0            ; 0           ; 1           ;
; state.exe_st     ; 0              ; 0              ; 0             ; 0              ; 0              ; 0              ; 0              ; 0              ; 0             ; 0              ; 0              ; 0              ; 0                ; 0               ; 0             ; 1            ; 0            ; 0            ; 0           ; 1           ;
; state.exe_mov    ; 0              ; 0              ; 0             ; 0              ; 0              ; 0              ; 0              ; 0              ; 0             ; 0              ; 0              ; 0              ; 0                ; 0               ; 1             ; 0            ; 0            ; 0            ; 0           ; 1           ;
; state.exe_pinin  ; 0              ; 0              ; 0             ; 0              ; 0              ; 0              ; 0              ; 0              ; 0             ; 0              ; 0              ; 0              ; 0                ; 1               ; 0             ; 0            ; 0            ; 0            ; 0           ; 1           ;
; state.exe_pinout ; 0              ; 0              ; 0             ; 0              ; 0              ; 0              ; 0              ; 0              ; 0             ; 0              ; 0              ; 0              ; 1                ; 0               ; 0             ; 0            ; 0            ; 0            ; 0           ; 1           ;
; state.exe_addi   ; 0              ; 0              ; 0             ; 0              ; 0              ; 0              ; 0              ; 0              ; 0             ; 0              ; 0              ; 1              ; 0                ; 0               ; 0             ; 0            ; 0            ; 0            ; 0           ; 1           ;
; state.exe_subi   ; 0              ; 0              ; 0             ; 0              ; 0              ; 0              ; 0              ; 0              ; 0             ; 0              ; 1              ; 0              ; 0                ; 0               ; 0             ; 0            ; 0            ; 0            ; 0           ; 1           ;
; state.exe_iand   ; 0              ; 0              ; 0             ; 0              ; 0              ; 0              ; 0              ; 0              ; 0             ; 1              ; 0              ; 0              ; 0                ; 0               ; 0             ; 0            ; 0            ; 0            ; 0           ; 1           ;
; state.exe_ior    ; 0              ; 0              ; 0             ; 0              ; 0              ; 0              ; 0              ; 0              ; 1             ; 0              ; 0              ; 0              ; 0                ; 0               ; 0             ; 0            ; 0            ; 0            ; 0           ; 1           ;
; state.exe_inot   ; 0              ; 0              ; 0             ; 0              ; 0              ; 0              ; 0              ; 1              ; 0             ; 0              ; 0              ; 0              ; 0                ; 0               ; 0             ; 0            ; 0            ; 0            ; 0           ; 1           ;
; state.exe_ixor   ; 0              ; 0              ; 0             ; 0              ; 0              ; 0              ; 1              ; 0              ; 0             ; 0              ; 0              ; 0              ; 0                ; 0               ; 0             ; 0            ; 0            ; 0            ; 0           ; 1           ;
; state.exe_movi   ; 0              ; 0              ; 0             ; 0              ; 0              ; 1              ; 0              ; 0              ; 0             ; 0              ; 0              ; 0              ; 0                ; 0               ; 0             ; 0            ; 0            ; 0            ; 0           ; 1           ;
; state.exe_goto   ; 0              ; 0              ; 0             ; 0              ; 1              ; 0              ; 0              ; 0              ; 0             ; 0              ; 0              ; 0              ; 0                ; 0               ; 0             ; 0            ; 0            ; 0            ; 0           ; 1           ;
; state.exe_cjmp   ; 0              ; 0              ; 0             ; 1              ; 0              ; 0              ; 0              ; 0              ; 0             ; 0              ; 0              ; 0              ; 0                ; 0               ; 0             ; 0            ; 0            ; 0            ; 0           ; 1           ;
; state.exe_cmp    ; 0              ; 0              ; 1             ; 0              ; 0              ; 0              ; 0              ; 0              ; 0             ; 0              ; 0              ; 0              ; 0                ; 0               ; 0             ; 0            ; 0            ; 0            ; 0           ; 1           ;
; state.exe_jmpl   ; 0              ; 1              ; 0             ; 0              ; 0              ; 0              ; 0              ; 0              ; 0             ; 0              ; 0              ; 0              ; 0                ; 0               ; 0             ; 0            ; 0            ; 0            ; 0           ; 1           ;
; state.exe_jmph   ; 1              ; 0              ; 0             ; 0              ; 0              ; 0              ; 0              ; 0              ; 0             ; 0              ; 0              ; 0              ; 0                ; 0               ; 0             ; 0            ; 0            ; 0            ; 0           ; 1           ;
+------------------+----------------+----------------+---------------+----------------+----------------+----------------+----------------+----------------+---------------+----------------+----------------+----------------+------------------+-----------------+---------------+--------------+--------------+--------------+-------------+-------------+


+----------------------------------------------------------------------------------------------------+
; User-Specified and Inferred Latches                                                                ;
+-----------------------------------------------------+---------------------+------------------------+
; Latch Name                                          ; Latch Enable Signal ; Free of Timing Hazards ;
+-----------------------------------------------------+---------------------+------------------------+
; alu_sel[0]$latch                                    ; Selector30          ; yes                    ;
; alu_sel[1]$latch                                    ; Selector30          ; yes                    ;
; alu_sel[2]$latch                                    ; Selector30          ; yes                    ;
; sel_mux5[0]$latch                                   ; Selector35          ; yes                    ;
; sel_mux5[1]$latch                                   ; Selector35          ; yes                    ;
; sel_5e1[0]$latch                                    ; Selector30          ; yes                    ;
; sel_5e1[1]$latch                                    ; Selector30          ; yes                    ;
; sel_5e2[0]$latch                                    ; Selector31          ; yes                    ;
; sel_5e2[1]$latch                                    ; Selector31          ; yes                    ;
; sel_5e2[2]$latch                                    ; Selector31          ; yes                    ;
; mux2_in1[0]$latch                                   ; Selector2           ; yes                    ;
; mux2_in1[1]$latch                                   ; Selector2           ; yes                    ;
; mux2_in1[2]$latch                                   ; Selector2           ; yes                    ;
; mux2_in1[3]$latch                                   ; Selector2           ; yes                    ;
; mux2_in1[4]$latch                                   ; Selector2           ; yes                    ;
; mux2_in1[5]$latch                                   ; Selector2           ; yes                    ;
; mux2_in1[6]$latch                                   ; Selector2           ; yes                    ;
; mux2_in1[7]$latch                                   ; Selector2           ; yes                    ;
; mux2_in1[8]$latch                                   ; Selector2           ; yes                    ;
; mux2_in1[9]$latch                                   ; Selector2           ; yes                    ;
; mem_adr[0]$latch                                    ; mem_adr             ; yes                    ;
; mem_adr[1]$latch                                    ; mem_adr             ; yes                    ;
; mem_adr[2]$latch                                    ; mem_adr             ; yes                    ;
; mem_adr[3]$latch                                    ; mem_adr             ; yes                    ;
; mem_adr[4]$latch                                    ; mem_adr             ; yes                    ;
; mem_adr[5]$latch                                    ; mem_adr             ; yes                    ;
; mem_adr[6]$latch                                    ; mem_adr             ; yes                    ;
; mem_adr[7]$latch                                    ; mem_adr             ; yes                    ;
; sel_mux_pc$latch                                    ; Selector38          ; yes                    ;
; wren$latch                                          ; WideOr2             ; yes                    ;
; Number of user-specified and inferred latches = 30  ;                     ;                        ;
+-----------------------------------------------------+---------------------+------------------------+
Note: All latches listed above may not be present at the end of synthesis due to various synthesis optimizations.


+------------------------------------------------------+
; General Register Statistics                          ;
+----------------------------------------------+-------+
; Statistic                                    ; Value ;
+----------------------------------------------+-------+
; Total registers                              ; 20    ;
; Number of registers using Synchronous Clear  ; 0     ;
; Number of registers using Synchronous Load   ; 0     ;
; Number of registers using Asynchronous Clear ; 20    ;
; Number of registers using Asynchronous Load  ; 0     ;
; Number of registers using Clock Enable       ; 0     ;
; Number of registers using Preset             ; 0     ;
+----------------------------------------------+-------+


+------------------------------------------------------------------------------------------------------------------------------------------+
; Multiplexer Restructuring Statistics (Restructuring Performed)                                                                           ;
+--------------------+-----------+---------------+----------------------+------------------------+------------+----------------------------+
; Multiplexer Inputs ; Bus Width ; Baseline Area ; Area if Restructured ; Saving if Restructured ; Registered ; Example Multiplexer Output ;
+--------------------+-----------+---------------+----------------------+------------------------+------------+----------------------------+
; 33:1               ; 17 bits   ; 374 LEs       ; 204 LEs              ; 170 LEs                ; No         ; |CU|state                  ;
+--------------------+-----------+---------------+----------------------+------------------------+------------+----------------------------+


+-------------------------------+
; Elapsed Time Per Partition    ;
+----------------+--------------+
; Partition Name ; Elapsed Time ;
+----------------+--------------+
; Top            ; 00:00:00     ;
+----------------+--------------+


+-------------------------------+
; Analysis & Synthesis Messages ;
+-------------------------------+
Info: *******************************************************************
Info: Running Quartus II 64-Bit Analysis & Synthesis
    Info: Version 13.0.0 Build 156 04/24/2013 SJ Web Edition
    Info: Processing started: Mon Nov 18 12:00:59 2019
Info: Command: quartus_map --read_settings_files=on --write_settings_files=off CU -c CU
Warning (20028): Parallel compilation is not licensed and has been disabled
Info (12021): Found 2 design units, including 1 entities, in source file cu.vhd
    Info (12022): Found design unit 1: CU-behavioral
    Info (12023): Found entity 1: CU
Info (12127): Elaborating entity "CU" for the top level hierarchy
Warning (10541): VHDL Signal Declaration warning at CU.vhd(17): used implicit default value for signal "R1_clr" because signal was never assigned a value or an explicit default value. Use of implicit default value may introduce unintended design optimizations.
Warning (10541): VHDL Signal Declaration warning at CU.vhd(18): used implicit default value for signal "R2_clr" because signal was never assigned a value or an explicit default value. Use of implicit default value may introduce unintended design optimizations.
Warning (10541): VHDL Signal Declaration warning at CU.vhd(19): used implicit default value for signal "R3_clr" because signal was never assigned a value or an explicit default value. Use of implicit default value may introduce unintended design optimizations.
Warning (10492): VHDL Process Statement warning at CU.vhd(114): signal "IR_out" is read inside the Process Statement but isn't in the Process Statement's sensitivity list
Warning (10492): VHDL Process Statement warning at CU.vhd(117): signal "IR_out" is read inside the Process Statement but isn't in the Process Statement's sensitivity list
Warning (10492): VHDL Process Statement warning at CU.vhd(118): signal "IR_out" is read inside the Process Statement but isn't in the Process Statement's sensitivity list
Warning (10492): VHDL Process Statement warning at CU.vhd(120): signal "IR_out" is read inside the Process Statement but isn't in the Process Statement's sensitivity list
Warning (10492): VHDL Process Statement warning at CU.vhd(122): signal "IR_out" is read inside the Process Statement but isn't in the Process Statement's sensitivity list
Warning (10492): VHDL Process Statement warning at CU.vhd(126): signal "IR_out" is read inside the Process Statement but isn't in the Process Statement's sensitivity list
Warning (10492): VHDL Process Statement warning at CU.vhd(127): signal "IR_out" is read inside the Process Statement but isn't in the Process Statement's sensitivity list
Warning (10492): VHDL Process Statement warning at CU.vhd(129): signal "IR_out" is read inside the Process Statement but isn't in the Process Statement's sensitivity list
Warning (10492): VHDL Process Statement warning at CU.vhd(131): signal "IR_out" is read inside the Process Statement but isn't in the Process Statement's sensitivity list
Warning (10492): VHDL Process Statement warning at CU.vhd(134): signal "IR_out" is read inside the Process Statement but isn't in the Process Statement's sensitivity list
Warning (10492): VHDL Process Statement warning at CU.vhd(137): signal "IR_out" is read inside the Process Statement but isn't in the Process Statement's sensitivity list
Warning (10492): VHDL Process Statement warning at CU.vhd(138): signal "IR_out" is read inside the Process Statement but isn't in the Process Statement's sensitivity list
Warning (10492): VHDL Process Statement warning at CU.vhd(141): signal "IR_out" is read inside the Process Statement but isn't in the Process Statement's sensitivity list
Warning (10492): VHDL Process Statement warning at CU.vhd(142): signal "IR_out" is read inside the Process Statement but isn't in the Process Statement's sensitivity list
Warning (10492): VHDL Process Statement warning at CU.vhd(144): signal "IR_out" is read inside the Process Statement but isn't in the Process Statement's sensitivity list
Warning (10492): VHDL Process Statement warning at CU.vhd(146): signal "IR_out" is read inside the Process Statement but isn't in the Process Statement's sensitivity list
Warning (10492): VHDL Process Statement warning at CU.vhd(151): signal "IR_out" is read inside the Process Statement but isn't in the Process Statement's sensitivity list
Warning (10492): VHDL Process Statement warning at CU.vhd(152): signal "IR_out" is read inside the Process Statement but isn't in the Process Statement's sensitivity list
Warning (10492): VHDL Process Statement warning at CU.vhd(159): signal "IR_out" is read inside the Process Statement but isn't in the Process Statement's sensitivity list
Warning (10492): VHDL Process Statement warning at CU.vhd(166): signal "IR_out" is read inside the Process Statement but isn't in the Process Statement's sensitivity list
Warning (10492): VHDL Process Statement warning at CU.vhd(175): signal "IR_out" is read inside the Process Statement but isn't in the Process Statement's sensitivity list
Warning (10492): VHDL Process Statement warning at CU.vhd(176): signal "IR_out" is read inside the Process Statement but isn't in the Process Statement's sensitivity list
Warning (10492): VHDL Process Statement warning at CU.vhd(183): signal "IR_out" is read inside the Process Statement but isn't in the Process Statement's sensitivity list
Warning (10492): VHDL Process Statement warning at CU.vhd(190): signal "IR_out" is read inside the Process Statement but isn't in the Process Statement's sensitivity list
Warning (10492): VHDL Process Statement warning at CU.vhd(199): signal "IR_out" is read inside the Process Statement but isn't in the Process Statement's sensitivity list
Warning (10492): VHDL Process Statement warning at CU.vhd(200): signal "IR_out" is read inside the Process Statement but isn't in the Process Statement's sensitivity list
Warning (10492): VHDL Process Statement warning at CU.vhd(207): signal "IR_out" is read inside the Process Statement but isn't in the Process Statement's sensitivity list
Warning (10492): VHDL Process Statement warning at CU.vhd(214): signal "IR_out" is read inside the Process Statement but isn't in the Process Statement's sensitivity list
Warning (10492): VHDL Process Statement warning at CU.vhd(223): signal "IR_out" is read inside the Process Statement but isn't in the Process Statement's sensitivity list
Warning (10492): VHDL Process Statement warning at CU.vhd(224): signal "IR_out" is read inside the Process Statement but isn't in the Process Statement's sensitivity list
Warning (10492): VHDL Process Statement warning at CU.vhd(231): signal "IR_out" is read inside the Process Statement but isn't in the Process Statement's sensitivity list
Warning (10492): VHDL Process Statement warning at CU.vhd(238): signal "IR_out" is read inside the Process Statement but isn't in the Process Statement's sensitivity list
Warning (10492): VHDL Process Statement warning at CU.vhd(247): signal "IR_out" is read inside the Process Statement but isn't in the Process Statement's sensitivity list
Warning (10492): VHDL Process Statement warning at CU.vhd(248): signal "IR_out" is read inside the Process Statement but isn't in the Process Statement's sensitivity list
Warning (10492): VHDL Process Statement warning at CU.vhd(255): signal "IR_out" is read inside the Process Statement but isn't in the Process Statement's sensitivity list
Warning (10492): VHDL Process Statement warning at CU.vhd(262): signal "IR_out" is read inside the Process Statement but isn't in the Process Statement's sensitivity list
Warning (10492): VHDL Process Statement warning at CU.vhd(271): signal "IR_out" is read inside the Process Statement but isn't in the Process Statement's sensitivity list
Warning (10492): VHDL Process Statement warning at CU.vhd(272): signal "IR_out" is read inside the Process Statement but isn't in the Process Statement's sensitivity list
Warning (10492): VHDL Process Statement warning at CU.vhd(279): signal "IR_out" is read inside the Process Statement but isn't in the Process Statement's sensitivity list
Warning (10492): VHDL Process Statement warning at CU.vhd(286): signal "IR_out" is read inside the Process Statement but isn't in the Process Statement's sensitivity list
Warning (10492): VHDL Process Statement warning at CU.vhd(295): signal "IR_out" is read inside the Process Statement but isn't in the Process Statement's sensitivity list
Warning (10492): VHDL Process Statement warning at CU.vhd(299): signal "comp_out" is read inside the Process Statement but isn't in the Process Statement's sensitivity list
Warning (10492): VHDL Process Statement warning at CU.vhd(300): signal "IR_out" is read inside the Process Statement but isn't in the Process Statement's sensitivity list
Warning (10492): VHDL Process Statement warning at CU.vhd(305): signal "comp_out" is read inside the Process Statement but isn't in the Process Statement's sensitivity list
Warning (10492): VHDL Process Statement warning at CU.vhd(306): signal "IR_out" is read inside the Process Statement but isn't in the Process Statement's sensitivity list
Warning (10492): VHDL Process Statement warning at CU.vhd(311): signal "comp_out" is read inside the Process Statement but isn't in the Process Statement's sensitivity list
Warning (10492): VHDL Process Statement warning at CU.vhd(312): signal "IR_out" is read inside the Process Statement but isn't in the Process Statement's sensitivity list
Warning (10631): VHDL Process Statement warning at CU.vhd(103): inferring latch(es) for signal or variable "pc_clr", which holds its previous value in one or more paths through the process
Warning (10631): VHDL Process Statement warning at CU.vhd(103): inferring latch(es) for signal or variable "IR_clr", which holds its previous value in one or more paths through the process
Warning (10631): VHDL Process Statement warning at CU.vhd(103): inferring latch(es) for signal or variable "sel_mux_pc", which holds its previous value in one or more paths through the process
Warning (10631): VHDL Process Statement warning at CU.vhd(103): inferring latch(es) for signal or variable "pc_ld", which holds its previous value in one or more paths through the process
Warning (10631): VHDL Process Statement warning at CU.vhd(103): inferring latch(es) for signal or variable "IR_ld", which holds its previous value in one or more paths through the process
Warning (10631): VHDL Process Statement warning at CU.vhd(103): inferring latch(es) for signal or variable "mem_adr", which holds its previous value in one or more paths through the process
Warning (10631): VHDL Process Statement warning at CU.vhd(103): inferring latch(es) for signal or variable "wren", which holds its previous value in one or more paths through the process
Warning (10631): VHDL Process Statement warning at CU.vhd(103): inferring latch(es) for signal or variable "sel_mux5", which holds its previous value in one or more paths through the process
Warning (10631): VHDL Process Statement warning at CU.vhd(103): inferring latch(es) for signal or variable "R1_ld", which holds its previous value in one or more paths through the process
Warning (10631): VHDL Process Statement warning at CU.vhd(103): inferring latch(es) for signal or variable "R2_ld", which holds its previous value in one or more paths through the process
Warning (10631): VHDL Process Statement warning at CU.vhd(103): inferring latch(es) for signal or variable "R3_ld", which holds its previous value in one or more paths through the process
Warning (10631): VHDL Process Statement warning at CU.vhd(103): inferring latch(es) for signal or variable "sel_5e2", which holds its previous value in one or more paths through the process
Warning (10631): VHDL Process Statement warning at CU.vhd(103): inferring latch(es) for signal or variable "sel_5e1", which holds its previous value in one or more paths through the process
Warning (10631): VHDL Process Statement warning at CU.vhd(103): inferring latch(es) for signal or variable "alu_sel", which holds its previous value in one or more paths through the process
Warning (10631): VHDL Process Statement warning at CU.vhd(103): inferring latch(es) for signal or variable "mux2_in1", which holds its previous value in one or more paths through the process
Info (10041): Inferred latch for "mux2_in1[0]" at CU.vhd(103)
Info (10041): Inferred latch for "mux2_in1[1]" at CU.vhd(103)
Info (10041): Inferred latch for "mux2_in1[2]" at CU.vhd(103)
Info (10041): Inferred latch for "mux2_in1[3]" at CU.vhd(103)
Info (10041): Inferred latch for "mux2_in1[4]" at CU.vhd(103)
Info (10041): Inferred latch for "mux2_in1[5]" at CU.vhd(103)
Info (10041): Inferred latch for "mux2_in1[6]" at CU.vhd(103)
Info (10041): Inferred latch for "mux2_in1[7]" at CU.vhd(103)
Info (10041): Inferred latch for "mux2_in1[8]" at CU.vhd(103)
Info (10041): Inferred latch for "mux2_in1[9]" at CU.vhd(103)
Info (10041): Inferred latch for "alu_sel[0]" at CU.vhd(103)
Info (10041): Inferred latch for "alu_sel[1]" at CU.vhd(103)
Info (10041): Inferred latch for "alu_sel[2]" at CU.vhd(103)
Info (10041): Inferred latch for "alu_sel[3]" at CU.vhd(103)
Info (10041): Inferred latch for "sel_5e1[0]" at CU.vhd(103)
Info (10041): Inferred latch for "sel_5e1[1]" at CU.vhd(103)
Info (10041): Inferred latch for "sel_5e1[2]" at CU.vhd(103)
Info (10041): Inferred latch for "sel_5e2[0]" at CU.vhd(103)
Info (10041): Inferred latch for "sel_5e2[1]" at CU.vhd(103)
Info (10041): Inferred latch for "sel_5e2[2]" at CU.vhd(103)
Info (10041): Inferred latch for "R3_ld" at CU.vhd(103)
Info (10041): Inferred latch for "R2_ld" at CU.vhd(103)
Info (10041): Inferred latch for "R1_ld" at CU.vhd(103)
Info (10041): Inferred latch for "sel_mux5[0]" at CU.vhd(103)
Info (10041): Inferred latch for "sel_mux5[1]" at CU.vhd(103)
Info (10041): Inferred latch for "sel_mux5[2]" at CU.vhd(103)
Info (10041): Inferred latch for "wren" at CU.vhd(103)
Info (10041): Inferred latch for "mem_adr[0]" at CU.vhd(103)
Info (10041): Inferred latch for "mem_adr[1]" at CU.vhd(103)
Info (10041): Inferred latch for "mem_adr[2]" at CU.vhd(103)
Info (10041): Inferred latch for "mem_adr[3]" at CU.vhd(103)
Info (10041): Inferred latch for "mem_adr[4]" at CU.vhd(103)
Info (10041): Inferred latch for "mem_adr[5]" at CU.vhd(103)
Info (10041): Inferred latch for "mem_adr[6]" at CU.vhd(103)
Info (10041): Inferred latch for "mem_adr[7]" at CU.vhd(103)
Info (10041): Inferred latch for "IR_ld" at CU.vhd(103)
Info (10041): Inferred latch for "pc_ld" at CU.vhd(103)
Info (10041): Inferred latch for "sel_mux_pc" at CU.vhd(103)
Info (10041): Inferred latch for "IR_clr" at CU.vhd(103)
Info (10041): Inferred latch for "pc_clr" at CU.vhd(103)
Warning (13012): Latch alu_sel[0]$latch has unsafe behavior
    Warning (13013): Ports D and ENA on the latch are fed by the same signal WideOr5
Warning (13012): Latch sel_mux5[0]$latch has unsafe behavior
    Warning (13013): Ports D and ENA on the latch are fed by the same signal state.exe_mov
Warning (13012): Latch sel_mux5[1]$latch has unsafe behavior
    Warning (13013): Ports D and ENA on the latch are fed by the same signal state.exe_ld
Warning (13012): Latch sel_5e1[0]$latch has unsafe behavior
    Warning (13013): Ports D and ENA on the latch are fed by the same signal IR_out[9]
Warning (13012): Latch sel_5e1[1]$latch has unsafe behavior
    Warning (13013): Ports D and ENA on the latch are fed by the same signal IR_out[9]
Warning (13012): Latch sel_5e2[0]$latch has unsafe behavior
    Warning (13013): Ports D and ENA on the latch are fed by the same signal state.exe_st
Warning (13012): Latch sel_5e2[1]$latch has unsafe behavior
    Warning (13013): Ports D and ENA on the latch are fed by the same signal state.exe_mov
Warning (13012): Latch sel_5e2[2]$latch has unsafe behavior
    Warning (13013): Ports D and ENA on the latch are fed by the same signal state.exe_st
Warning (13012): Latch wren$latch has unsafe behavior
    Warning (13013): Ports D and ENA on the latch are fed by the same signal state.exe_st
Warning (13024): Output pins are stuck at VCC or GND
    Warning (13410): Pin "alu_sel[3]" is stuck at GND
    Warning (13410): Pin "sel_mux5[2]" is stuck at GND
    Warning (13410): Pin "pc_ld" is stuck at VCC
    Warning (13410): Pin "pc_clr" is stuck at VCC
    Warning (13410): Pin "R1_ld" is stuck at VCC
    Warning (13410): Pin "R2_ld" is stuck at VCC
    Warning (13410): Pin "R3_ld" is stuck at VCC
    Warning (13410): Pin "R1_clr" is stuck at GND
    Warning (13410): Pin "R2_clr" is stuck at GND
    Warning (13410): Pin "R3_clr" is stuck at GND
    Warning (13410): Pin "sel_5e1[2]" is stuck at GND
    Warning (13410): Pin "IR_ld" is stuck at VCC
    Warning (13410): Pin "IR_clr" is stuck at VCC
Info (16010): Generating hard_block partition "hard_block:auto_generated_inst"
    Info (16011): Adding 0 node(s), including 0 DDIO, 0 PLL, 0 transceiver and 0 LCELL
Warning (21074): Design contains 1 input pin(s) that do not drive logic
    Warning (15610): No output dependent on input pin "IR_out[0]"
Info (21057): Implemented 151 device resources after synthesis - the final resource count might be different
    Info (21058): Implemented 21 input pins
    Info (21059): Implemented 43 output pins
    Info (21061): Implemented 87 logic cells
Info: Quartus II 64-Bit Analysis & Synthesis was successful. 0 errors, 100 warnings
    Info: Peak virtual memory: 4642 megabytes
    Info: Processing ended: Mon Nov 18 12:01:03 2019
    Info: Elapsed time: 00:00:04
    Info: Total CPU time (on all processors): 00:00:03


