------------------------------------------------------------
TimeQuest Timing Analyzer Summary
------------------------------------------------------------

Type  : Slow Model Setup 'CU:control|alu_sel[0]'
Slack : -17.955
TNS   : -135.962

Type  : Slow Model Setup 'CU:control|pstate.decode'
Slack : -13.400
TNS   : -51.301

Type  : Slow Model Setup 'clk'
Slack : -10.578
TNS   : -523.987

Type  : Slow Model Setup 'CU:control|pstate.exe_pinout'
Slack : -5.419
TNS   : -26.290

Type  : Slow Model Setup 'CU:control|pstate.exe_ld'
Slack : -5.077
TNS   : -51.831

Type  : Slow Model Setup 'CU:control|pstate.exe_addi'
Slack : -4.210
TNS   : -67.577

Type  : Slow Model Setup 'CU:control|pstate.exe_rst'
Slack : -4.183
TNS   : -31.979

Type  : Slow Model Setup 'CU:control|pstate.exe_add'
Slack : -3.910
TNS   : -17.796

Type  : Slow Model Hold 'CU:control|pstate.exe_add'
Slack : -3.234
TNS   : -4.437

Type  : Slow Model Hold 'CU:control|pstate.exe_ld'
Slack : -3.136
TNS   : -4.714

Type  : Slow Model Hold 'CU:control|pstate.decode'
Slack : -2.206
TNS   : -19.010

Type  : Slow Model Hold 'clk'
Slack : -1.996
TNS   : -25.480

Type  : Slow Model Hold 'CU:control|pstate.exe_addi'
Slack : -1.827
TNS   : -12.924

Type  : Slow Model Hold 'CU:control|pstate.exe_rst'
Slack : -1.383
TNS   : -8.250

Type  : Slow Model Hold 'CU:control|pstate.exe_pinout'
Slack : -1.342
TNS   : -3.776

Type  : Slow Model Hold 'CU:control|alu_sel[0]'
Slack : 0.583
TNS   : 0.000

Type  : Slow Model Recovery 'clk'
Slack : -0.033
TNS   : -0.066

Type  : Slow Model Removal 'clk'
Slack : -0.558
TNS   : -3.994

Type  : Slow Model Minimum Pulse Width 'clk'
Slack : -2.000
TNS   : -308.220

Type  : Slow Model Minimum Pulse Width 'CU:control|pstate.decode'
Slack : -0.166
TNS   : -0.996

Type  : Slow Model Minimum Pulse Width 'CU:control|pstate.exe_pinout'
Slack : -0.166
TNS   : -0.996

Type  : Slow Model Minimum Pulse Width 'CU:control|pstate.exe_rst'
Slack : -0.166
TNS   : -0.996

Type  : Slow Model Minimum Pulse Width 'CU:control|alu_sel[0]'
Slack : 0.500
TNS   : 0.000

Type  : Slow Model Minimum Pulse Width 'CU:control|pstate.exe_add'
Slack : 0.500
TNS   : 0.000

Type  : Slow Model Minimum Pulse Width 'CU:control|pstate.exe_addi'
Slack : 0.500
TNS   : 0.000

Type  : Slow Model Minimum Pulse Width 'CU:control|pstate.exe_ld'
Slack : 0.500
TNS   : 0.000

Type  : Fast Model Setup 'CU:control|alu_sel[0]'
Slack : -8.379
TNS   : -63.305

Type  : Fast Model Setup 'CU:control|pstate.decode'
Slack : -6.215
TNS   : -20.050

Type  : Fast Model Setup 'clk'
Slack : -4.778
TNS   : -188.043

Type  : Fast Model Setup 'CU:control|pstate.exe_pinout'
Slack : -2.158
TNS   : -10.543

Type  : Fast Model Setup 'CU:control|pstate.exe_ld'
Slack : -1.982
TNS   : -21.623

Type  : Fast Model Setup 'CU:control|pstate.exe_addi'
Slack : -1.909
TNS   : -28.386

Type  : Fast Model Setup 'CU:control|pstate.exe_add'
Slack : -1.749
TNS   : -8.139

Type  : Fast Model Setup 'CU:control|pstate.exe_rst'
Slack : -1.596
TNS   : -12.329

Type  : Fast Model Hold 'CU:control|pstate.exe_ld'
Slack : -1.431
TNS   : -2.115

Type  : Fast Model Hold 'CU:control|pstate.exe_add'
Slack : -1.394
TNS   : -1.947

Type  : Fast Model Hold 'clk'
Slack : -1.168
TNS   : -25.003

Type  : Fast Model Hold 'CU:control|pstate.decode'
Slack : -1.000
TNS   : -6.870

Type  : Fast Model Hold 'CU:control|pstate.exe_addi'
Slack : -0.794
TNS   : -5.511

Type  : Fast Model Hold 'CU:control|pstate.exe_rst'
Slack : -0.617
TNS   : -3.229

Type  : Fast Model Hold 'CU:control|pstate.exe_pinout'
Slack : -0.600
TNS   : -1.636

Type  : Fast Model Hold 'CU:control|alu_sel[0]'
Slack : 0.258
TNS   : 0.000

Type  : Fast Model Recovery 'clk'
Slack : 0.444
TNS   : 0.000

Type  : Fast Model Removal 'clk'
Slack : -0.211
TNS   : -1.211

Type  : Fast Model Minimum Pulse Width 'clk'
Slack : -2.000
TNS   : -308.220

Type  : Fast Model Minimum Pulse Width 'CU:control|pstate.decode'
Slack : 0.218
TNS   : 0.000

Type  : Fast Model Minimum Pulse Width 'CU:control|pstate.exe_pinout'
Slack : 0.218
TNS   : 0.000

Type  : Fast Model Minimum Pulse Width 'CU:control|pstate.exe_rst'
Slack : 0.218
TNS   : 0.000

Type  : Fast Model Minimum Pulse Width 'CU:control|alu_sel[0]'
Slack : 0.500
TNS   : 0.000

Type  : Fast Model Minimum Pulse Width 'CU:control|pstate.exe_add'
Slack : 0.500
TNS   : 0.000

Type  : Fast Model Minimum Pulse Width 'CU:control|pstate.exe_addi'
Slack : 0.500
TNS   : 0.000

Type  : Fast Model Minimum Pulse Width 'CU:control|pstate.exe_ld'
Slack : 0.500
TNS   : 0.000

------------------------------------------------------------
