------------------------------------------------------------
TimeQuest Timing Analyzer Summary
------------------------------------------------------------

Type  : Slow Model Setup 'CU:control|alu_sel[0]'
Slack : -17.690
TNS   : -132.440

Type  : Slow Model Setup 'CU:control|pstate.exe_cmp'
Slack : -15.528
TNS   : -67.075

Type  : Slow Model Setup 'clk'
Slack : -13.051
TNS   : -626.607

Type  : Slow Model Setup 'CU:control|pstate.exe_add'
Slack : -4.658
TNS   : -19.573

Type  : Slow Model Setup 'CU:control|pstate.decode'
Slack : -2.817
TNS   : -46.242

Type  : Slow Model Setup 'CU:control|pstate.exe_pinout'
Slack : -1.910
TNS   : -12.927

Type  : Slow Model Setup 'CU:control|pstate.exe_ld'
Slack : -1.672
TNS   : -10.703

Type  : Slow Model Setup 'CU:control|pstate.exe_rst'
Slack : -1.570
TNS   : -13.477

Type  : Slow Model Hold 'CU:control|pstate.exe_rst'
Slack : -4.498
TNS   : -35.284

Type  : Slow Model Hold 'CU:control|pstate.decode'
Slack : -3.953
TNS   : -41.419

Type  : Slow Model Hold 'CU:control|pstate.exe_pinout'
Slack : -3.915
TNS   : -22.942

Type  : Slow Model Hold 'CU:control|pstate.exe_cmp'
Slack : -3.823
TNS   : -13.904

Type  : Slow Model Hold 'CU:control|pstate.exe_ld'
Slack : -3.672
TNS   : -22.911

Type  : Slow Model Hold 'CU:control|pstate.exe_add'
Slack : -2.805
TNS   : -8.874

Type  : Slow Model Hold 'clk'
Slack : -2.236
TNS   : -48.033

Type  : Slow Model Hold 'CU:control|alu_sel[0]'
Slack : -0.071
TNS   : -0.078

Type  : Slow Model Recovery 'clk'
Slack : -0.586
TNS   : -12.147

Type  : Slow Model Removal 'clk'
Slack : 0.134
TNS   : 0.000

Type  : Slow Model Minimum Pulse Width 'clk'
Slack : -2.000
TNS   : -311.220

Type  : Slow Model Minimum Pulse Width 'CU:control|pstate.exe_cmp'
Slack : -1.748
TNS   : -19.638

Type  : Slow Model Minimum Pulse Width 'CU:control|pstate.exe_pinout'
Slack : -1.748
TNS   : -19.638

Type  : Slow Model Minimum Pulse Width 'CU:control|pstate.exe_rst'
Slack : -1.748
TNS   : -19.638

Type  : Slow Model Minimum Pulse Width 'CU:control|pstate.decode'
Slack : -1.123
TNS   : -6.738

Type  : Slow Model Minimum Pulse Width 'CU:control|pstate.exe_add'
Slack : 0.009
TNS   : 0.000

Type  : Slow Model Minimum Pulse Width 'CU:control|alu_sel[0]'
Slack : 0.500
TNS   : 0.000

Type  : Slow Model Minimum Pulse Width 'CU:control|pstate.exe_ld'
Slack : 0.500
TNS   : 0.000

Type  : Fast Model Setup 'CU:control|alu_sel[0]'
Slack : -7.262
TNS   : -55.902

Type  : Fast Model Setup 'CU:control|pstate.exe_cmp'
Slack : -6.452
TNS   : -21.866

Type  : Fast Model Setup 'clk'
Slack : -5.121
TNS   : -221.229

Type  : Fast Model Setup 'CU:control|pstate.exe_add'
Slack : -2.135
TNS   : -9.104

Type  : Fast Model Setup 'CU:control|pstate.decode'
Slack : -1.145
TNS   : -13.545

Type  : Fast Model Setup 'CU:control|pstate.exe_pinout'
Slack : -0.565
TNS   : -2.423

Type  : Fast Model Setup 'CU:control|pstate.exe_rst'
Slack : -0.349
TNS   : -1.401

Type  : Fast Model Setup 'CU:control|pstate.exe_ld'
Slack : -0.158
TNS   : -0.624

Type  : Fast Model Hold 'CU:control|pstate.decode'
Slack : -2.090
TNS   : -21.104

Type  : Fast Model Hold 'CU:control|pstate.exe_rst'
Slack : -1.980
TNS   : -18.293

Type  : Fast Model Hold 'CU:control|pstate.exe_pinout'
Slack : -1.808
TNS   : -11.700

Type  : Fast Model Hold 'CU:control|pstate.exe_ld'
Slack : -1.796
TNS   : -11.336

Type  : Fast Model Hold 'CU:control|pstate.exe_cmp'
Slack : -1.684
TNS   : -6.281

Type  : Fast Model Hold 'clk'
Slack : -1.310
TNS   : -31.078

Type  : Fast Model Hold 'CU:control|pstate.exe_add'
Slack : -1.241
TNS   : -3.938

Type  : Fast Model Hold 'CU:control|alu_sel[0]'
Slack : -0.350
TNS   : -1.231

Type  : Fast Model Recovery 'clk'
Slack : 0.372
TNS   : 0.000

Type  : Fast Model Removal 'clk'
Slack : 0.103
TNS   : 0.000

Type  : Fast Model Minimum Pulse Width 'clk'
Slack : -2.000
TNS   : -311.220

Type  : Fast Model Minimum Pulse Width 'CU:control|pstate.exe_cmp'
Slack : -0.504
TNS   : -3.024

Type  : Fast Model Minimum Pulse Width 'CU:control|pstate.exe_pinout'
Slack : -0.504
TNS   : -3.024

Type  : Fast Model Minimum Pulse Width 'CU:control|pstate.exe_rst'
Slack : -0.504
TNS   : -3.024

Type  : Fast Model Minimum Pulse Width 'CU:control|pstate.decode'
Slack : -0.211
TNS   : -1.266

Type  : Fast Model Minimum Pulse Width 'CU:control|pstate.exe_add'
Slack : 0.291
TNS   : 0.000

Type  : Fast Model Minimum Pulse Width 'CU:control|alu_sel[0]'
Slack : 0.500
TNS   : 0.000

Type  : Fast Model Minimum Pulse Width 'CU:control|pstate.exe_ld'
Slack : 0.500
TNS   : 0.000

------------------------------------------------------------
